[1;36m╔══════════════════════════════════╗[0m
[1;36m║[1;33m  ANSI Color Text - box drawing   [1;36m║[0m
[1;36m╚══════════════════════════════════╝[0m

[32m┌──────────────────────────────────┐[0m
[32m│[0;37m  single-line box, green border    [32m│[0m
[32m└──────────────────────────────────┘[0m

[35m╭──────────────────────────────────╮[0m
[35m│[0;95m  rounded box, magenta             [35m│[0m
[35m╰──────────────────────────────────╯[0m

  shading:  [92m░░░░░░[32m▒▒▒▒▒▒[2;32m▓▓▓▓▓▓[1;32m██████[0m
